============================================================
Starting Travel Inbound Flask Server
============================================================

Interpreter: C:\Users\user\AppData\Local\Programs\Python311\python.exe
Project: C:\Users\user\TravelInBound-main

[1/3] Creating Flask application...
[OK] Application created successfully

[2/3] Testing index route...
[OK] Index route working (Status: 200)

[3/3] Starting server...
Server will be available at (this machine only):
  - http://localhost:5000
  - http://127.0.0.1:5000

Press Ctrl+C to stop the server
============================================================
 * Serving Flask app 'app'
 * Debug mode: on
============================================================
Starting Travel Inbound Flask Server
============================================================

Interpreter: C:\Users\user\AppData\Local\Programs\Python311\python.exe
Project: C:\Users\user\TravelInBound-main

[1/3] Creating Flask application...
[OK] Application created successfully

[2/3] Testing index route...
[OK] Index route working (Status: 200)

[3/3] Starting server...
Server will be available at (this machine only):
  - http://localhost:5000
  - http://127.0.0.1:5000

Press Ctrl+C to stop the server
============================================================
